// Jest Snapshot v1, https://goo.gl/fbAQLP

exports[`CollectionItem component should render CollectionItem component 1`] = `ShallowWrapper {}`;

exports[`CollectionOverview component should render CollectionOverview component 1`] = `ShallowWrapper {}`;
