// Jest Snapshot v1, https://goo.gl/fbAQLP

exports[`CartDropDown component should render CartDropDown component 1`] = `ShallowWrapper {}`;
